../Core/Src/main.c:74:6:channelchange	16	static
../Core/Src/main.c:86:6:HAL_UART_RxCpltCallback	16	static
../Core/Src/main.c:97:5:main	16	static
../Core/Src/main.c:188:6:SystemClock_Config	88	static
../Core/Src/main.c:234:13:MX_UART4_Init	8	static
../Core/Src/main.c:267:13:MX_UART5_Init	8	static
../Core/Src/main.c:300:13:MX_USART1_UART_Init	8	static
../Core/Src/main.c:333:13:MX_USART3_UART_Init	8	static
../Core/Src/main.c:364:13:MX_DMA_Init	16	static
../Core/Src/main.c:392:13:MX_GPIO_Init	24	static
../Core/Src/main.c:411:6:Error_Handler	4	static,ignoring_inline_asm
