../Core/Src/main.c:74:6:channelchange	16	static
../Core/Src/main.c:85:6:HAL_UART_RxCpltCallback	16	static
../Core/Src/main.c:96:5:main	16	static
../Core/Src/main.c:187:6:SystemClock_Config	88	static
../Core/Src/main.c:233:13:MX_UART4_Init	8	static
../Core/Src/main.c:266:13:MX_UART5_Init	8	static
../Core/Src/main.c:299:13:MX_USART1_UART_Init	8	static
../Core/Src/main.c:332:13:MX_USART3_UART_Init	8	static
../Core/Src/main.c:363:13:MX_DMA_Init	16	static
../Core/Src/main.c:391:13:MX_GPIO_Init	24	static
../Core/Src/main.c:410:6:Error_Handler	4	static,ignoring_inline_asm
