../Core/Src/main.c:93:6:HAL_UART_RxCpltCallback	16	static
../Core/Src/main.c:105:6:organizer	24	static
../Core/Src/main.c:116:6:led_select	24	static
../Core/Src/main.c:123:6:brightness_select	32	static
../Core/Src/main.c:141:6:colorselect	40	static
../Core/Src/main.c:168:6:send_data	16	static
../Core/Src/main.c:181:6:HAL_TIM_PWM_PulseFinishedCallback	16	static
../Core/Src/main.c:195:5:main	32	static
../Core/Src/main.c:320:6:SystemClock_Config	88	static
../Core/Src/main.c:364:13:MX_CRC_Init	8	static
../Core/Src/main.c:393:13:MX_TIM1_Init	120	static
../Core/Src/main.c:471:13:MX_USART1_UART_Init	8	static
../Core/Src/main.c:514:13:MX_DMA_Init	16	static
../Core/Src/main.c:535:13:MX_GPIO_Init	40	static
../Core/Src/main.c:562:6:Error_Handler	4	static,ignoring_inline_asm
