Archive member included to satisfy reference by file (symbol)

d:/stm32cubeide_1.10.1/stm32cubeide/plugins/com.st.stm32cube.ide.mcu.externaltools.gnu-tools-for-stm32.10.3-2021.10.win32_1.0.0.202111181127/tools/bin/../lib/gcc/arm-none-eabi/10.3.1/../../../../arm-none-eabi/lib/thumb/v7e-m+fp/hard\libc_nano.a(lib_a-errno.o)
                              ./Core/Src/syscalls.o (__errno)
d:/stm32cubeide_1.10.1/stm32cubeide/plugins/com.st.stm32cube.ide.mcu.externaltools.gnu-tools-for-stm32.10.3-2021.10.win32_1.0.0.202111181127/tools/bin/../lib/gcc/arm-none-eabi/10.3.1/../../../../arm-none-eabi/lib/thumb/v7e-m+fp/hard\libc_nano.a(lib_a-exit.o)
                              d:/stm32cubeide_1.10.1/stm32cubeide/plugins/com.st.stm32cube.ide.mcu.externaltools.gnu-tools-for-stm32.10.3-2021.10.win32_1.0.0.202111181127/tools/bin/../lib/gcc/arm-none-eabi/10.3.1/../../../../arm-none-eabi/lib/thumb/v7e-m+fp/hard/crt0.o (exit)
d:/stm32cubeide_1.10.1/stm32cubeide/plugins/com.st.stm32cube.ide.mcu.externaltools.gnu-tools-for-stm32.10.3-2021.10.win32_1.0.0.202111181127/tools/bin/../lib/gcc/arm-none-eabi/10.3.1/../../../../arm-none-eabi/lib/thumb/v7e-m+fp/hard\libc_nano.a(lib_a-impure.o)
                              d:/stm32cubeide_1.10.1/stm32cubeide/plugins/com.st.stm32cube.ide.mcu.externaltools.gnu-tools-for-stm32.10.3-2021.10.win32_1.0.0.202111181127/tools/bin/../lib/gcc/arm-none-eabi/10.3.1/../../../../arm-none-eabi/lib/thumb/v7e-m+fp/hard\libc_nano.a(lib_a-exit.o) (_global_impure_ptr)
d:/stm32cubeide_1.10.1/stm32cubeide/plugins/com.st.stm32cube.ide.mcu.externaltools.gnu-tools-for-stm32.10.3-2021.10.win32_1.0.0.202111181127/tools/bin/../lib/gcc/arm-none-eabi/10.3.1/../../../../arm-none-eabi/lib/thumb/v7e-m+fp/hard\libc_nano.a(lib_a-init.o)
                              d:/stm32cubeide_1.10.1/stm32cubeide/plugins/com.st.stm32cube.ide.mcu.externaltools.gnu-tools-for-stm32.10.3-2021.10.win32_1.0.0.202111181127/tools/bin/../lib/gcc/arm-none-eabi/10.3.1/../../../../arm-none-eabi/lib/thumb/v7e-m+fp/hard/crt0.o (__libc_init_array)
d:/stm32cubeide_1.10.1/stm32cubeide/plugins/com.st.stm32cube.ide.mcu.externaltools.gnu-tools-for-stm32.10.3-2021.10.win32_1.0.0.202111181127/tools/bin/../lib/gcc/arm-none-eabi/10.3.1/../../../../arm-none-eabi/lib/thumb/v7e-m+fp/hard\libc_nano.a(lib_a-memset.o)
                              d:/stm32cubeide_1.10.1/stm32cubeide/plugins/com.st.stm32cube.ide.mcu.externaltools.gnu-tools-for-stm32.10.3-2021.10.win32_1.0.0.202111181127/tools/bin/../lib/gcc/arm-none-eabi/10.3.1/../../../../arm-none-eabi/lib/thumb/v7e-m+fp/hard/crt0.o (memset)

Discarded input sections

 .text          0x0000000000000000        0x0 d:/stm32cubeide_1.10.1/stm32cubeide/plugins/com.st.stm32cube.ide.mcu.externaltools.gnu-tools-for-stm32.10.3-2021.10.win32_1.0.0.202111181127/tools/bin/../lib/gcc/arm-none-eabi/10.3.1/thumb/v7e-m+fp/hard/crti.o
 .data          0x0000000000000000        0x0 d:/stm32cubeide_1.10.1/stm32cubeide/plugins/com.st.stm32cube.ide.mcu.externaltools.gnu-tools-for-stm32.10.3-2021.10.win32_1.0.0.202111181127/tools/bin/../lib/gcc/arm-none-eabi/10.3.1/thumb/v7e-m+fp/hard/crti.o
 .bss           0x0000000000000000        0x0 d:/stm32cubeide_1.10.1/stm32cubeide/plugins/com.st.stm32cube.ide.mcu.externaltools.gnu-tools-for-stm32.10.3-2021.10.win32_1.0.0.202111181127/tools/bin/../lib/gcc/arm-none-eabi/10.3.1/thumb/v7e-m+fp/hard/crti.o
 .data          0x0000000000000000        0x4 d:/stm32cubeide_1.10.1/stm32cubeide/plugins/com.st.stm32cube.ide.mcu.externaltools.gnu-tools-for-stm32.10.3-2021.10.win32_1.0.0.202111181127/tools/bin/../lib/gcc/arm-none-eabi/10.3.1/thumb/v7e-m+fp/hard/crtbegin.o
 .rodata        0x0000000000000000       0x24 d:/stm32cubeide_1.10.1/stm32cubeide/plugins/com.st.stm32cube.ide.mcu.externaltools.gnu-tools-for-stm32.10.3-2021.10.win32_1.0.0.202111181127/tools/bin/../lib/gcc/arm-none-eabi/10.3.1/thumb/v7e-m+fp/hard/crtbegin.o
 .text          0x0000000000000000       0x7c d:/stm32cubeide_1.10.1/stm32cubeide/plugins/com.st.stm32cube.ide.mcu.externaltools.gnu-tools-for-stm32.10.3-2021.10.win32_1.0.0.202111181127/tools/bin/../lib/gcc/arm-none-eabi/10.3.1/../../../../arm-none-eabi/lib/thumb/v7e-m+fp/hard/crt0.o
 .data          0x0000000000000000        0x0 d:/stm32cubeide_1.10.1/stm32cubeide/plugins/com.st.stm32cube.ide.mcu.externaltools.gnu-tools-for-stm32.10.3-2021.10.win32_1.0.0.202111181127/tools/bin/../lib/gcc/arm-none-eabi/10.3.1/../../../../arm-none-eabi/lib/thumb/v7e-m+fp/hard/crt0.o
 .bss           0x0000000000000000        0x0 d:/stm32cubeide_1.10.1/stm32cubeide/plugins/com.st.stm32cube.ide.mcu.externaltools.gnu-tools-for-stm32.10.3-2021.10.win32_1.0.0.202111181127/tools/bin/../lib/gcc/arm-none-eabi/10.3.1/../../../../arm-none-eabi/lib/thumb/v7e-m+fp/hard/crt0.o
[...]
Memory Configuration

Name             Origin             Length             Attributes
RAM              0x0000000020000000 0x0000000000008000 xrw
FLASH            0x0000000008000000 0x0000000000020000 xr
*default*        0x0000000000000000 0xffffffffffffffff

Linker script and memory map

LOAD d:/stm32cubeide_1.10.1/stm32cubeide/plugins/com.st.stm32cube.ide.mcu.externaltools.gnu-tools-for-stm32.10.3-2021.10.win32_1.0.0.202111181127/tools/bin/../lib/gcc/arm-none-eabi/10.3.1/thumb/v7e-m+fp/hard/crti.o
LOAD d:/stm32cubeide_1.10.1/stm32cubeide/plugins/com.st.stm32cube.ide.mcu.externaltools.gnu-tools-for-stm32.10.3-2021.10.win32_1.0.0.202111181127/tools/bin/../lib/gcc/arm-none-eabi/10.3.1/thumb/v7e-m+fp/hard/crtbegin.o
LOAD d:/stm32cubeide_1.10.1/stm32cubeide/plugins/com.st.stm32cube.ide.mcu.externaltools.gnu-tools-for-stm32.10.3-2021.10.win32_1.0.0.202111181127/tools/bin/../lib/gcc/arm-none-eabi/10.3.1/../../../../arm-none-eabi/lib/thumb/v7e-m+fp/hard/crt0.o
LOAD ./Core/Src/dwt_stm32_delay.o
LOAD ./Core/Src/lcd.o
LOAD ./Core/Src/main.o
LOAD ./Core/Src/stm32g4xx_hal_msp.o
LOAD ./Core/Src/stm32g4xx_it.o
LOAD ./Core/Src/syscalls.o
LOAD ./Core/Src/sysmem.o
LOAD ./Core/Src/system_stm32g4xx.o
LOAD ./Core/Startup/startup_stm32g431kbtx.o
LOAD ./Drivers/STM32G4xx_HAL_Driver/Src/stm32g4xx_hal.o
LOAD ./Drivers/STM32G4xx_HAL_Driver/Src/stm32g4xx_hal_cortex.o
LOAD ./Drivers/STM32G4xx_HAL_Driver/Src/stm32g4xx_hal_dma.o
LOAD ./Drivers/STM32G4xx_HAL_Driver/Src/stm32g4xx_hal_dma_ex.o
LOAD ./Drivers/STM32G4xx_HAL_Driver/Src/stm32g4xx_hal_exti.o
LOAD ./Drivers/STM32G4xx_HAL_Driver/Src/stm32g4xx_hal_flash.o
LOAD ./Drivers/STM32G4xx_HAL_Driver/Src/stm32g4xx_hal_flash_ex.o
LOAD ./Drivers/STM32G4xx_HAL_Driver/Src/stm32g4xx_hal_flash_ramfunc.o
LOAD ./Drivers/STM32G4xx_HAL_Driver/Src/stm32g4xx_hal_gpio.o
LOAD ./Drivers/STM32G4xx_HAL_Driver/Src/stm32g4xx_hal_pwr.o
LOAD ./Drivers/STM32G4xx_HAL_Driver/Src/stm32g4xx_hal_pwr_ex.o
LOAD ./Drivers/STM32G4xx_HAL_Driver/Src/stm32g4xx_hal_rcc.o
LOAD ./Drivers/STM32G4xx_HAL_Driver/Src/stm32g4xx_hal_rcc_ex.o
LOAD ./Drivers/STM32G4xx_HAL_Driver/Src/stm32g4xx_hal_tim.o
LOAD ./Drivers/STM32G4xx_HAL_Driver/Src/stm32g4xx_hal_tim_ex.o
START GROUP
LOAD d:/stm32cubeide_1.10.1/stm32cubeide/plugins/com.st.stm32cube.ide.mcu.externaltools.gnu-tools-for-stm32.10.3-2021.10.win32_1.0.0.202111181127/tools/bin/../lib/gcc/arm-none-eabi/10.3.1/../../../../arm-none-eabi/lib/thumb/v7e-m+fp/hard\libc_nano.a
LOAD d:/stm32cubeide_1.10.1/stm32cubeide/plugins/com.st.stm32cube.ide.mcu.externaltools.gnu-tools-for-stm32.10.3-2021.10.win32_1.0.0.202111181127/tools/bin/../lib/gcc/arm-none-eabi/10.3.1/../../../../arm-none-eabi/lib/thumb/v7e-m+fp/hard\libm.a
END GROUP
START GROUP
LOAD d:/stm32cubeide_1.10.1/stm32cubeide/plugins/com.st.stm32cube.ide.mcu.externaltools.gnu-tools-for-stm32.10.3-2021.10.win32_1.0.0.202111181127/tools/bin/../lib/gcc/arm-none-eabi/10.3.1/thumb/v7e-m+fp/hard\libgcc.a
LOAD d:/stm32cubeide_1.10.1/stm32cubeide/plugins/com.st.stm32cube.ide.mcu.externaltools.gnu-tools-for-stm32.10.3-2021.10.win32_1.0.0.202111181127/tools/bin/../lib/gcc/arm-none-eabi/10.3.1/../../../../arm-none-eabi/lib/thumb/v7e-m+fp/hard\libc_nano.a
END GROUP
START GROUP
LOAD d:/stm32cubeide_1.10.1/stm32cubeide/plugins/com.st.stm32cube.ide.mcu.externaltools.gnu-tools-for-stm32.10.3-2021.10.win32_1.0.0.202111181127/tools/bin/../lib/gcc/arm-none-eabi/10.3.1/thumb/v7e-m+fp/hard\libgcc.a
LOAD d:/stm32cubeide_1.10.1/stm32cubeide/plugins/com.st.stm32cube.ide.mcu.externaltools.gnu-tools-for-stm32.10.3-2021.10.win32_1.0.0.202111181127/tools/bin/../lib/gcc/arm-none-eabi/10.3.1/../../../../arm-none-eabi/lib/thumb/v7e-m+fp/hard\libc_nano.a
LOAD d:/stm32cubeide_1.10.1/stm32cubeide/plugins/com.st.stm32cube.ide.mcu.externaltools.gnu-tools-for-stm32.10.3-2021.10.win32_1.0.0.202111181127/tools/bin/../lib/gcc/arm-none-eabi/10.3.1/../../../../arm-none-eabi/lib/thumb/v7e-m+fp/hard\libnosys.a
END GROUP
START GROUP
LOAD d:/stm32cubeide_1.10.1/stm32cubeide/plugins/com.st.stm32cube.ide.mcu.externaltools.gnu-tools-for-stm32.10.3-2021.10.win32_1.0.0.202111181127/tools/bin/../lib/gcc/arm-none-eabi/10.3.1/thumb/v7e-m+fp/hard\libgcc.a
LOAD d:/stm32cubeide_1.10.1/stm32cubeide/plugins/com.st.stm32cube.ide.mcu.externaltools.gnu-tools-for-stm32.10.3-2021.10.win32_1.0.0.202111181127/tools/bin/../lib/gcc/arm-none-eabi/10.3.1/../../../../arm-none-eabi/lib/thumb/v7e-m+fp/hard\libc_nano.a
LOAD d:/stm32cubeide_1.10.1/stm32cubeide/plugins/com.st.stm32cube.ide.mcu.externaltools.gnu-tools-for-stm32.10.3-2021.10.win32_1.0.0.202111181127/tools/bin/../lib/gcc/arm-none-eabi/10.3.1/../../../../arm-none-eabi/lib/thumb/v7e-m+fp/hard\libnosys.a
END GROUP
LOAD d:/stm32cubeide_1.10.1/stm32cubeide/plugins/com.st.stm32cube.ide.mcu.externaltools.gnu-tools-for-stm32.10.3-2021.10.win32_1.0.0.202111181127/tools/bin/../lib/gcc/arm-none-eabi/10.3.1/thumb/v7e-m+fp/hard/crtend.o
LOAD d:/stm32cubeide_1.10.1/stm32cubeide/plugins/com.st.stm32cube.ide.mcu.externaltools.gnu-tools-for-stm32.10.3-2021.10.win32_1.0.0.202111181127/tools/bin/../lib/gcc/arm-none-eabi/10.3.1/thumb/v7e-m+fp/hard/crtn.o
                0x0000000020008000                _estack = (ORIGIN (RAM) + LENGTH (RAM))
                0x0000000000000200                _Min_Heap_Size = 0x200
                0x0000000000000400                _Min_Stack_Size = 0x400

.isr_vector     0x0000000008000000      0x1d8
                0x0000000008000000                . = ALIGN (0x4)
 *(.isr_vector)
 .isr_vector    0x0000000008000000      0x1d8 ./Core/Startup/startup_stm32g431kbtx.o
                0x0000000008000000                g_pfnVectors
                0x00000000080001d8                . = ALIGN (0x4)

.text           0x00000000080001d8     0x1938
                0x00000000080001d8                . = ALIGN (0x4)
 *(.text)
 .text          0x00000000080001d8       0x40 d:/stm32cubeide_1.10.1/stm32cubeide/plugins/com.st.stm32cube.ide.mcu.externaltools.gnu-tools-for-stm32.10.3-2021.10.win32_1.0.0.202111181127/tools/bin/../lib/gcc/arm-none-eabi/10.3.1/thumb/v7e-m+fp/hard/crtbegin.o
 *(.text*)
 .text.Delay    0x0000000008000218       0x24 ./Core/Src/lcd.o
                0x0000000008000218                Delay
 .text.lcd_delay
                0x000000000800023c       0x10 ./Core/Src/lcd.o
                0x000000000800023c                lcd_delay
 .text.lcd_cmd  0x000000000800024c      0x1b0 ./Core/Src/lcd.o
                0x000000000800024c                lcd_cmd
 .text.lcd_char_cp
                0x00000000080003fc      0x1b8 ./Core/Src/lcd.o
                0x00000000080003fc                lcd_char_cp
 .text.lcd_out_cp
                0x00000000080005b4       0x30 ./Core/Src/lcd.o
                0x00000000080005b4                lcd_out_cp
 .text.lcd_init
                0x00000000080005e4       0x7c ./Core/Src/lcd.o
                0x00000000080005e4                lcd_init
 .text.lcd_gotoxy
                0x0000000008000660       0x3e ./Core/Src/lcd.o
                0x0000000008000660                lcd_gotoxy
 .text.lcd_print
                0x000000000800069e       0x2a ./Core/Src/lcd.o
                0x000000000800069e                lcd_print
 .text.main     0x00000000080006c8       0x2c ./Core/Src/main.o
                0x00000000080006c8                main
 .text.SystemClock_Config
                0x00000000080006f4       0x80 ./Core/Src/main.o
                0x00000000080006f4                SystemClock_Config
 .text.MX_GPIO_Init
                0x0000000008000774       0xac ./Core/Src/main.o
 .text.Error_Handler
                0x0000000008000820        0xa ./Core/Src/main.o
                0x0000000008000820                Error_Handler
 *fill*         0x000000000800082a        0x2 
 .text.HAL_MspInit
                0x000000000800082c       0x48 ./Core/Src/stm32g4xx_hal_msp.o
                0x000000000800082c                HAL_MspInit
 .text.NMI_Handler
                0x0000000008000874        0x6 ./Core/Src/stm32g4xx_it.o
                0x0000000008000874                NMI_Handler
 .text.HardFault_Handler
                0x000000000800087a        0x6 ./Core/Src/stm32g4xx_it.o
                0x000000000800087a                HardFault_Handler
 .text.MemManage_Handler
                0x0000000008000880        0x6 ./Core/Src/stm32g4xx_it.o
                0x0000000008000880                MemManage_Handler
 .text.BusFault_Handler
                0x0000000008000886        0x6 ./Core/Src/stm32g4xx_it.o
                0x0000000008000886                BusFault_Handler
 .text.UsageFault_Handler
                0x000000000800088c        0x6 ./Core/Src/stm32g4xx_it.o
                0x000000000800088c                UsageFault_Handler
 .text.SVC_Handler
                0x0000000008000892        0xe ./Core/Src/stm32g4xx_it.o
                0x0000000008000892                SVC_Handler
 .text.DebugMon_Handler
                0x00000000080008a0        0xe ./Core/Src/stm32g4xx_it.o
                0x00000000080008a0                DebugMon_Handler
 .text.PendSV_Handler
                0x00000000080008ae        0xe ./Core/Src/stm32g4xx_it.o
                0x00000000080008ae                PendSV_Handler
 .text.SysTick_Handler
                0x00000000080008bc        0xc ./Core/Src/stm32g4xx_it.o
                0x00000000080008bc                SysTick_Handler
 .text.SystemInit
                0x00000000080008c8       0x24 ./Core/Src/system_stm32g4xx.o
                0x00000000080008c8                SystemInit
 .text.Reset_Handler
                0x00000000080008ec       0x50 ./Core/Startup/startup_stm32g431kbtx.o
                0x00000000080008ec                Reset_Handler
 .text.Default_Handler
                0x000000000800093c        0x2 ./Core/Startup/startup_stm32g431kbtx.o
                0x000000000800093c                RTC_Alarm_IRQHandler
                0x000000000800093c                EXTI2_IRQHandler
                0x000000000800093c                TIM8_TRG_COM_IRQHandler
                0x000000000800093c                TIM8_CC_IRQHandler
                0x000000000800093c                TIM1_CC_IRQHandler
                0x000000000800093c                USB_HP_IRQHandler
                0x000000000800093c                CORDIC_IRQHandler
                0x000000000800093c                EXTI3_IRQHandler
                0x000000000800093c                I2C3_ER_IRQHandler
                0x000000000800093c                EXTI0_IRQHandler
                0x000000000800093c                I2C2_EV_IRQHandler
                0x000000000800093c                FPU_IRQHandler
                0x000000000800093c                FDCAN1_IT1_IRQHandler
                0x000000000800093c                TIM1_UP_TIM16_IRQHandler
                0x000000000800093c                ADC1_2_IRQHandler
                0x000000000800093c                SPI1_IRQHandler
                0x000000000800093c                TIM6_DAC_IRQHandler
                0x000000000800093c                TIM8_UP_IRQHandler
                0x000000000800093c                DMA2_Channel2_IRQHandler
                0x000000000800093c                DMA1_Channel4_IRQHandler
                0x000000000800093c                USART3_IRQHandler
                0x000000000800093c                TIM4_IRQHandler
                0x000000000800093c                DMA2_Channel1_IRQHandler
                0x000000000800093c                I2C1_EV_IRQHandler
                0x000000000800093c                DMA1_Channel6_IRQHandler
                0x000000000800093c                UART4_IRQHandler
                0x000000000800093c                DMA2_Channel4_IRQHandler
                0x000000000800093c                TIM3_IRQHandler
                0x000000000800093c                RCC_IRQHandler
                0x000000000800093c                DMA1_Channel1_IRQHandler
                0x000000000800093c                Default_Handler
                0x000000000800093c                RTC_TAMP_LSECSS_IRQHandler
                0x000000000800093c                FMAC_IRQHandler
                0x000000000800093c                EXTI15_10_IRQHandler
                0x000000000800093c                TIM7_IRQHandler
                0x000000000800093c                UCPD1_IRQHandler
                0x000000000800093c                I2C3_EV_IRQHandler
                0x000000000800093c                EXTI9_5_IRQHandler
                0x000000000800093c                RTC_WKUP_IRQHandler
                0x000000000800093c                PVD_PVM_IRQHandler
                0x000000000800093c                SPI2_IRQHandler
                0x000000000800093c                DMA2_Channel5_IRQHandler
                0x000000000800093c                CRS_IRQHandler
                0x000000000800093c                DMA1_Channel5_IRQHandler
                0x000000000800093c                USB_LP_IRQHandler
                0x000000000800093c                EXTI4_IRQHandler
                0x000000000800093c                RNG_IRQHandler
                0x000000000800093c                TIM1_TRG_COM_TIM17_IRQHandler
                0x000000000800093c                DMA1_Channel3_IRQHandler
                0x000000000800093c                WWDG_IRQHandler
                0x000000000800093c                LPUART1_IRQHandler
                0x000000000800093c                DMA2_Channel6_IRQHandler
                0x000000000800093c                FDCAN1_IT0_IRQHandler
                0x000000000800093c                TIM2_IRQHandler
                0x000000000800093c                COMP1_2_3_IRQHandler
                0x000000000800093c                EXTI1_IRQHandler
                0x000000000800093c                USART2_IRQHandler
                0x000000000800093c                I2C2_ER_IRQHandler
                0x000000000800093c                DMA1_Channel2_IRQHandler
                0x000000000800093c                TIM8_BRK_IRQHandler
                0x000000000800093c                FLASH_IRQHandler
                0x000000000800093c                USART1_IRQHandler
                0x000000000800093c                SPI3_IRQHandler
                0x000000000800093c                I2C1_ER_IRQHandler
                0x000000000800093c                LPTIM1_IRQHandler
                0x000000000800093c                DMAMUX_OVR_IRQHandler
                0x000000000800093c                USBWakeUp_IRQHandler
                0x000000000800093c                SAI1_IRQHandler
                0x000000000800093c                DMA2_Channel3_IRQHandler
                0x000000000800093c                COMP4_IRQHandler
                0x000000000800093c                TIM1_BRK_TIM15_IRQHandler
 .text.HAL_Init
                0x000000000800093e       0x30 ./Drivers/STM32G4xx_HAL_Driver/Src/stm32g4xx_hal.o
                0x000000000800093e                HAL_Init
 *fill*         0x000000000800096e        0x2 
 .text.HAL_InitTick
                0x0000000008000970       0x74 ./Drivers/STM32G4xx_HAL_Driver/Src/stm32g4xx_hal.o
                0x0000000008000970                HAL_InitTick
 .text.HAL_IncTick
                0x00000000080009e4       0x24 ./Drivers/STM32G4xx_HAL_Driver/Src/stm32g4xx_hal.o
                0x00000000080009e4                HAL_IncTick
 .text.HAL_GetTick
                0x0000000008000a08       0x18 ./Drivers/STM32G4xx_HAL_Driver/Src/stm32g4xx_hal.o
                0x0000000008000a08                HAL_GetTick
 .text.HAL_Delay
                0x0000000008000a20       0x44 ./Drivers/STM32G4xx_HAL_Driver/Src/stm32g4xx_hal.o
                0x0000000008000a20                HAL_Delay
 .text.__NVIC_SetPriorityGrouping
                0x0000000008000a64       0x48 ./Drivers/STM32G4xx_HAL_Driver/Src/stm32g4xx_hal_cortex.o
 .text.__NVIC_GetPriorityGrouping
                0x0000000008000aac       0x1c ./Drivers/STM32G4xx_HAL_Driver/Src/stm32g4xx_hal_cortex.o
 .text.__NVIC_SetPriority
                0x0000000008000ac8       0x54 ./Drivers/STM32G4xx_HAL_Driver/Src/stm32g4xx_hal_cortex.o
 .text.NVIC_EncodePriority
                0x0000000008000b1c       0x66 ./Drivers/STM32G4xx_HAL_Driver/Src/stm32g4xx_hal_cortex.o
 *fill*         0x0000000008000b82        0x2 
 .text.SysTick_Config
                0x0000000008000b84       0x44 ./Drivers/STM32G4xx_HAL_Driver/Src/stm32g4xx_hal_cortex.o
 .text.HAL_NVIC_SetPriorityGrouping
                0x0000000008000bc8       0x16 ./Drivers/STM32G4xx_HAL_Driver/Src/stm32g4xx_hal_cortex.o
                0x0000000008000bc8                HAL_NVIC_SetPriorityGrouping
 .text.HAL_NVIC_SetPriority
                0x0000000008000bde       0x34 ./Drivers/STM32G4xx_HAL_Driver/Src/stm32g4xx_hal_cortex.o
                0x0000000008000bde                HAL_NVIC_SetPriority
 .text.HAL_SYSTICK_Config
                0x0000000008000c12       0x18 ./Drivers/STM32G4xx_HAL_Driver/Src/stm32g4xx_hal_cortex.o
                0x0000000008000c12                HAL_SYSTICK_Config
 *fill*         0x0000000008000c2a        0x2 
 .text.HAL_GPIO_Init
                0x0000000008000c2c      0x304 ./Drivers/STM32G4xx_HAL_Driver/Src/stm32g4xx_hal_gpio.o
                0x0000000008000c2c                HAL_GPIO_Init
 .text.HAL_GPIO_WritePin
                0x0000000008000f30       0x30 ./Drivers/STM32G4xx_HAL_Driver/Src/stm32g4xx_hal_gpio.o
                0x0000000008000f30                HAL_GPIO_WritePin
 .text.HAL_PWREx_ControlVoltageScaling
                0x0000000008000f60      0x148 ./Drivers/STM32G4xx_HAL_Driver/Src/stm32g4xx_hal_pwr_ex.o
                0x0000000008000f60                HAL_PWREx_ControlVoltageScaling
 .text.HAL_RCC_OscConfig
                0x00000000080010a8      0x630 ./Drivers/STM32G4xx_HAL_Driver/Src/stm32g4xx_hal_rcc.o
                0x00000000080010a8                HAL_RCC_OscConfig
 .text.HAL_RCC_ClockConfig
                0x00000000080016d8      0x278 ./Drivers/STM32G4xx_HAL_Driver/Src/stm32g4xx_hal_rcc.o
                0x00000000080016d8                HAL_RCC_ClockConfig
 .text.HAL_RCC_GetSysClockFreq
                0x0000000008001950       0xc4 ./Drivers/STM32G4xx_HAL_Driver/Src/stm32g4xx_hal_rcc.o
                0x0000000008001950                HAL_RCC_GetSysClockFreq
 .text.RCC_GetSysClockFreqFromPLLSource
                0x0000000008001a14       0x8c ./Drivers/STM32G4xx_HAL_Driver/Src/stm32g4xx_hal_rcc.o
 .text.__libc_init_array
                0x0000000008001aa0       0x48 d:/stm32cubeide_1.10.1/stm32cubeide/plugins/com.st.stm32cube.ide.mcu.externaltools.gnu-tools-for-stm32.10.3-2021.10.win32_1.0.0.202111181127/tools/bin/../lib/gcc/arm-none-eabi/10.3.1/../../../../arm-none-eabi/lib/thumb/v7e-m+fp/hard\libc_nano.a(lib_a-init.o)
                0x0000000008001aa0                __libc_init_array
 .text.memset   0x0000000008001ae8       0x10 d:/stm32cubeide_1.10.1/stm32cubeide/plugins/com.st.stm32cube.ide.mcu.externaltools.gnu-tools-for-stm32.10.3-2021.10.win32_1.0.0.202111181127/tools/bin/../lib/gcc/arm-none-eabi/10.3.1/../../../../arm-none-eabi/lib/thumb/v7e-m+fp/hard\libc_nano.a(lib_a-memset.o)
                0x0000000008001ae8                memset
 *(.glue_7)
 .glue_7        0x0000000008001af8        0x0 linker stubs
 *(.glue_7t)
 .glue_7t       0x0000000008001af8        0x0 linker stubs
 *(.eh_frame)
 .eh_frame      0x0000000008001af8        0x0 d:/stm32cubeide_1.10.1/stm32cubeide/plugins/com.st.stm32cube.ide.mcu.externaltools.gnu-tools-for-stm32.10.3-2021.10.win32_1.0.0.202111181127/tools/bin/../lib/gcc/arm-none-eabi/10.3.1/thumb/v7e-m+fp/hard/crtbegin.o
 *(.init)
 .init          0x0000000008001af8        0x4 d:/stm32cubeide_1.10.1/stm32cubeide/plugins/com.st.stm32cube.ide.mcu.externaltools.gnu-tools-for-stm32.10.3-2021.10.win32_1.0.0.202111181127/tools/bin/../lib/gcc/arm-none-eabi/10.3.1/thumb/v7e-m+fp/hard/crti.o
                0x0000000008001af8                _init
 .init          0x0000000008001afc        0x8 d:/stm32cubeide_1.10.1/stm32cubeide/plugins/com.st.stm32cube.ide.mcu.externaltools.gnu-tools-for-stm32.10.3-2021.10.win32_1.0.0.202111181127/tools/bin/../lib/gcc/arm-none-eabi/10.3.1/thumb/v7e-m+fp/hard/crtn.o
 *(.fini)
 .fini          0x0000000008001b04        0x4 d:/stm32cubeide_1.10.1/stm32cubeide/plugins/com.st.stm32cube.ide.mcu.externaltools.gnu-tools-for-stm32.10.3-2021.10.win32_1.0.0.202111181127/tools/bin/../lib/gcc/arm-none-eabi/10.3.1/thumb/v7e-m+fp/hard/crti.o
                0x0000000008001b04                _fini
 .fini          0x0000000008001b08        0x8 d:/stm32cubeide_1.10.1/stm32cubeide/plugins/com.st.stm32cube.ide.mcu.externaltools.gnu-tools-for-stm32.10.3-2021.10.win32_1.0.0.202111181127/tools/bin/../lib/gcc/arm-none-eabi/10.3.1/thumb/v7e-m+fp/hard/crtn.o
                0x0000000008001b10                . = ALIGN (0x4)
                0x0000000008001b10                _etext = .

.vfp11_veneer   0x0000000008001b10        0x0
 .vfp11_veneer  0x0000000008001b10        0x0 linker stubs

.v4_bx          0x0000000008001b10        0x0
 .v4_bx         0x0000000008001b10        0x0 linker stubs

.iplt           0x0000000008001b10        0x0
 .iplt          0x0000000008001b10        0x0 d:/stm32cubeide_1.10.1/stm32cubeide/plugins/com.st.stm32cube.ide.mcu.externaltools.gnu-tools-for-stm32.10.3-2021.10.win32_1.0.0.202111181127/tools/bin/../lib/gcc/arm-none-eabi/10.3.1/thumb/v7e-m+fp/hard/crtbegin.o

.rodata         0x0000000008001b10       0x1c
                0x0000000008001b10                . = ALIGN (0x4)
 *(.rodata)
 .rodata        0x0000000008001b10        0xc ./Core/Src/main.o
 *(.rodata*)
 .rodata.AHBPrescTable
                0x0000000008001b1c       0x10 ./Core/Src/system_stm32g4xx.o
                0x0000000008001b1c                AHBPrescTable
                0x0000000008001b2c                . = ALIGN (0x4)

.rel.dyn        0x0000000008001b2c        0x0
 .rel.iplt      0x0000000008001b2c        0x0 d:/stm32cubeide_1.10.1/stm32cubeide/plugins/com.st.stm32cube.ide.mcu.externaltools.gnu-tools-for-stm32.10.3-2021.10.win32_1.0.0.202111181127/tools/bin/../lib/gcc/arm-none-eabi/10.3.1/thumb/v7e-m+fp/hard/crtbegin.o

.ARM.extab      0x0000000008001b2c        0x0
                0x0000000008001b2c                . = ALIGN (0x4)
 *(.ARM.extab* .gnu.linkonce.armextab.*)
                0x0000000008001b2c                . = ALIGN (0x4)

.ARM            0x0000000008001b2c        0x0
                0x0000000008001b2c                . = ALIGN (0x4)
                0x0000000008001b2c                __exidx_start = .
 *(.ARM.exidx*)
                0x0000000008001b2c                __exidx_end = .
                0x0000000008001b2c                . = ALIGN (0x4)

.preinit_array  0x0000000008001b2c        0x0
                0x0000000008001b2c                . = ALIGN (0x4)
                0x0000000008001b2c                PROVIDE (__preinit_array_start = .)
 *(.preinit_array*)
                0x0000000008001b2c                PROVIDE (__preinit_array_end = .)
                0x0000000008001b2c                . = ALIGN (0x4)

.init_array     0x0000000008001b2c        0x4
                0x0000000008001b2c                . = ALIGN (0x4)
                0x0000000008001b2c                PROVIDE (__init_array_start = .)
 *(SORT_BY_NAME(.init_array.*))
 *(.init_array*)
 .init_array    0x0000000008001b2c        0x4 d:/stm32cubeide_1.10.1/stm32cubeide/plugins/com.st.stm32cube.ide.mcu.externaltools.gnu-tools-for-stm32.10.3-2021.10.win32_1.0.0.202111181127/tools/bin/../lib/gcc/arm-none-eabi/10.3.1/thumb/v7e-m+fp/hard/crtbegin.o
                0x0000000008001b30                PROVIDE (__init_array_end = .)
                0x0000000008001b30                . = ALIGN (0x4)

.fini_array     0x0000000008001b30        0x4
                0x0000000008001b30                . = ALIGN (0x4)
                [!provide]                        PROVIDE (__fini_array_start = .)
 *(SORT_BY_NAME(.fini_array.*))
 *(.fini_array*)
 .fini_array    0x0000000008001b30        0x4 d:/stm32cubeide_1.10.1/stm32cubeide/plugins/com.st.stm32cube.ide.mcu.externaltools.gnu-tools-for-stm32.10.3-2021.10.win32_1.0.0.202111181127/tools/bin/../lib/gcc/arm-none-eabi/10.3.1/thumb/v7e-m+fp/hard/crtbegin.o
                [!provide]                        PROVIDE (__fini_array_end = .)
                0x0000000008001b34                . = ALIGN (0x4)
                0x0000000008001b34                _sidata = LOADADDR (.data)

.data           0x0000000020000000        0xc load address 0x0000000008001b34
                0x0000000020000000                . = ALIGN (0x4)
                0x0000000020000000                _sdata = .
 *(.data)
 *(.data*)
 .data.SystemCoreClock
                0x0000000020000000        0x4 ./Core/Src/system_stm32g4xx.o
                0x0000000020000000                SystemCoreClock
 .data.uwTickPrio
                0x0000000020000004        0x4 ./Drivers/STM32G4xx_HAL_Driver/Src/stm32g4xx_hal.o
                0x0000000020000004                uwTickPrio
 .data.uwTickFreq
                0x0000000020000008        0x4 ./Drivers/STM32G4xx_HAL_Driver/Src/stm32g4xx_hal.o
                0x0000000020000008                uwTickFreq
 *(.RamFunc)
 *(.RamFunc*)
                0x000000002000000c                . = ALIGN (0x4)
                0x000000002000000c                _edata = .

.igot.plt       0x000000002000000c        0x0 load address 0x0000000008001b40
 .igot.plt      0x000000002000000c        0x0 d:/stm32cubeide_1.10.1/stm32cubeide/plugins/com.st.stm32cube.ide.mcu.externaltools.gnu-tools-for-stm32.10.3-2021.10.win32_1.0.0.202111181127/tools/bin/../lib/gcc/arm-none-eabi/10.3.1/thumb/v7e-m+fp/hard/crtbegin.o
                0x000000002000000c                . = ALIGN (0x4)

.bss            0x000000002000000c       0x20 load address 0x0000000008001b40
                0x000000002000000c                _sbss = .
                0x000000002000000c                __bss_start__ = _sbss
 *(.bss)
 .bss           0x000000002000000c       0x1c d:/stm32cubeide_1.10.1/stm32cubeide/plugins/com.st.stm32cube.ide.mcu.externaltools.gnu-tools-for-stm32.10.3-2021.10.win32_1.0.0.202111181127/tools/bin/../lib/gcc/arm-none-eabi/10.3.1/thumb/v7e-m+fp/hard/crtbegin.o
 *(.bss*)
 .bss.uwTick    0x0000000020000028        0x4 ./Drivers/STM32G4xx_HAL_Driver/Src/stm32g4xx_hal.o
                0x0000000020000028                uwTick
 *(COMMON)
                0x000000002000002c                . = ALIGN (0x4)
                0x000000002000002c                _ebss = .
                0x000000002000002c                __bss_end__ = _ebss

._user_heap_stack
                0x000000002000002c      0x604 load address 0x0000000008001b40
                0x0000000020000030                . = ALIGN (0x8)
 *fill*         0x000000002000002c        0x4 
                [!provide]                        PROVIDE (end = .)
                0x0000000020000030                PROVIDE (_end = .)
                0x0000000020000230                . = (. + _Min_Heap_Size)
 *fill*         0x0000000020000030      0x200 
                0x0000000020000630                . = (. + _Min_Stack_Size)
 *fill*         0x0000000020000230      0x400 
                0x0000000020000630                . = ALIGN (0x8)

/DISCARD/
 libc.a(*)
 libm.a(*)
 libgcc.a(*)

.ARM.attributes
                0x0000000000000000       0x30
 *(.ARM.attributes)
 .ARM.attributes
                0x0000000000000000       0x1e d:/stm32cubeide_1.10.1/stm32cubeide/plugins/com.st.stm32cube.ide.mcu.externaltools.gnu-tools-for-stm32.10.3-2021.10.win32_1.0.0.202111181127/tools/bin/../lib/gcc/arm-none-eabi/10.3.1/thumb/v7e-m+fp/hard/crti.o
 .ARM.attributes
                0x000000000000001e       0x34 d:/stm32cubeide_1.10.1/stm32cubeide/plugins/com.st.stm32cube.ide.mcu.externaltools.gnu-tools-for-stm32.10.3-2021.10.win32_1.0.0.202111181127/tools/bin/../lib/gcc/arm-none-eabi/10.3.1/thumb/v7e-m+fp/hard/crtbegin.o
 .ARM.attributes
                0x0000000000000052       0x34 ./Core/Src/lcd.o
 .ARM.attributes
                0x0000000000000086       0x34 ./Core/Src/main.o
 .ARM.attributes
                0x00000000000000ba       0x34 ./Core/Src/stm32g4xx_hal_msp.o
 .ARM.attributes
                0x00000000000000ee       0x34 ./Core/Src/stm32g4xx_it.o
 .ARM.attributes
                0x0000000000000122       0x34 ./Core/Src/system_stm32g4xx.o
 .ARM.attributes
                0x0000000000000156       0x21 ./Core/Startup/startup_stm32g431kbtx.o
 .ARM.attributes
                0x0000000000000177       0x34 ./Drivers/STM32G4xx_HAL_Driver/Src/stm32g4xx_hal.o
 .ARM.attributes
                0x00000000000001ab       0x34 ./Drivers/STM32G4xx_HAL_Driver/Src/stm32g4xx_hal_cortex.o
 .ARM.attributes
                0x00000000000001df       0x34 ./Drivers/STM32G4xx_HAL_Driver/Src/stm32g4xx_hal_gpio.o
 .ARM.attributes
                0x0000000000000213       0x34 ./Drivers/STM32G4xx_HAL_Driver/Src/stm32g4xx_hal_pwr_ex.o
 .ARM.attributes
                0x0000000000000247       0x34 ./Drivers/STM32G4xx_HAL_Driver/Src/stm32g4xx_hal_rcc.o
 .ARM.attributes
                0x000000000000027b       0x34 d:/stm32cubeide_1.10.1/stm32cubeide/plugins/com.st.stm32cube.ide.mcu.externaltools.gnu-tools-for-stm32.10.3-2021.10.win32_1.0.0.202111181127/tools/bin/../lib/gcc/arm-none-eabi/10.3.1/../../../../arm-none-eabi/lib/thumb/v7e-m+fp/hard\libc_nano.a(lib_a-init.o)
 .ARM.attributes
                0x00000000000002af       0x34 d:/stm32cubeide_1.10.1/stm32cubeide/plugins/com.st.stm32cube.ide.mcu.externaltools.gnu-tools-for-stm32.10.3-2021.10.win32_1.0.0.202111181127/tools/bin/../lib/gcc/arm-none-eabi/10.3.1/../../../../arm-none-eabi/lib/thumb/v7e-m+fp/hard\libc_nano.a(lib_a-memset.o)
 .ARM.attributes
                0x00000000000002e3       0x1e d:/stm32cubeide_1.10.1/stm32cubeide/plugins/com.st.stm32cube.ide.mcu.externaltools.gnu-tools-for-stm32.10.3-2021.10.win32_1.0.0.202111181127/tools/bin/../lib/gcc/arm-none-eabi/10.3.1/thumb/v7e-m+fp/hard/crtn.o
OUTPUT(lcd.elf elf32-littlearm)
LOAD linker stubs
LOAD d:/stm32cubeide_1.10.1/stm32cubeide/plugins/com.st.stm32cube.ide.mcu.externaltools.gnu-tools-for-stm32.10.3-2021.10.win32_1.0.0.202111181127/tools/bin/../lib/gcc/arm-none-eabi/10.3.1/../../../../arm-none-eabi/lib/thumb/v7e-m+fp/hard\libc.a
LOAD d:/stm32cubeide_1.10.1/stm32cubeide/plugins/com.st.stm32cube.ide.mcu.externaltools.gnu-tools-for-stm32.10.3-2021.10.win32_1.0.0.202111181127/tools/bin/../lib/gcc/arm-none-eabi/10.3.1/../../../../arm-none-eabi/lib/thumb/v7e-m+fp/hard\libm.a
LOAD d:/stm32cubeide_1.10.1/stm32cubeide/plugins/com.st.stm32cube.ide.mcu.externaltools.gnu-tools-for-stm32.10.3-2021.10.win32_1.0.0.202111181127/tools/bin/../lib/gcc/arm-none-eabi/10.3.1/thumb/v7e-m+fp/hard\libgcc.a

.debug_info     0x0000000000000000     0x4b79
 .debug_info    0x0000000000000000      0x362 ./Core/Src/lcd.o
 .debug_info    0x0000000000000362      0x764 ./Core/Src/main.o
 .debug_info    0x0000000000000ac6      0x324 ./Core/Src/stm32g4xx_hal_msp.o
 .debug_info    0x0000000000000dea      0x122 ./Core/Src/stm32g4xx_it.o
 .debug_info    0x0000000000000f0c      0x59f ./Core/Src/system_stm32g4xx.o
 .debug_info    0x00000000000014ab       0x22 ./Core/Startup/startup_stm32g431kbtx.o
 .debug_info    0x00000000000014cd      0xae3 ./Drivers/STM32G4xx_HAL_Driver/Src/stm32g4xx_hal.o
 .debug_info    0x0000000000001fb0      0xdc4 ./Drivers/STM32G4xx_HAL_Driver/Src/stm32g4xx_hal_cortex.o
 .debug_info    0x0000000000002d74      0x82f ./Drivers/STM32G4xx_HAL_Driver/Src/stm32g4xx_hal_gpio.o
 .debug_info    0x00000000000035a3      0x983 ./Drivers/STM32G4xx_HAL_Driver/Src/stm32g4xx_hal_pwr_ex.o
 .debug_info    0x0000000000003f26      0xc53 ./Drivers/STM32G4xx_HAL_Driver/Src/stm32g4xx_hal_rcc.o

.debug_abbrev   0x0000000000000000     0x119e
 .debug_abbrev  0x0000000000000000      0x12c ./Core/Src/lcd.o
 .debug_abbrev  0x000000000000012c      0x1fd ./Core/Src/main.o
 .debug_abbrev  0x0000000000000329       0xc2 ./Core/Src/stm32g4xx_hal_msp.o
 .debug_abbrev  0x00000000000003eb       0x74 ./Core/Src/stm32g4xx_it.o
 .debug_abbrev  0x000000000000045f      0x116 ./Core/Src/system_stm32g4xx.o
 .debug_abbrev  0x0000000000000575       0x12 ./Core/Startup/startup_stm32g431kbtx.o
 .debug_abbrev  0x0000000000000587      0x269 ./Drivers/STM32G4xx_HAL_Driver/Src/stm32g4xx_hal.o
 .debug_abbrev  0x00000000000007f0      0x30d ./Drivers/STM32G4xx_HAL_Driver/Src/stm32g4xx_hal_cortex.o
 .debug_abbrev  0x0000000000000afd      0x1bb ./Drivers/STM32G4xx_HAL_Driver/Src/stm32g4xx_hal_gpio.o
 .debug_abbrev  0x0000000000000cb8      0x229 ./Drivers/STM32G4xx_HAL_Driver/Src/stm32g4xx_hal_pwr_ex.o
 .debug_abbrev  0x0000000000000ee1      0x2bd ./Drivers/STM32G4xx_HAL_Driver/Src/stm32g4xx_hal_rcc.o

.debug_aranges  0x0000000000000000      0x5f8
 .debug_aranges
                0x0000000000000000       0x78 ./Core/Src/lcd.o
 .debug_aranges
                0x0000000000000078       0x38 ./Core/Src/main.o
 .debug_aranges
                0x00000000000000b0       0x20 ./Core/Src/stm32g4xx_hal_msp.o
 .debug_aranges
                0x00000000000000d0       0x60 ./Core/Src/stm32g4xx_it.o
 .debug_aranges
                0x0000000000000130       0x28 ./Core/Src/system_stm32g4xx.o
 .debug_aranges
                0x0000000000000158       0x28 ./Core/Startup/startup_stm32g431kbtx.o
 .debug_aranges
                0x0000000000000180      0x130 ./Drivers/STM32G4xx_HAL_Driver/Src/stm32g4xx_hal.o
 .debug_aranges
                0x00000000000002b0      0x118 ./Drivers/STM32G4xx_HAL_Driver/Src/stm32g4xx_hal_cortex.o
 .debug_aranges
                0x00000000000003c8       0x58 ./Drivers/STM32G4xx_HAL_Driver/Src/stm32g4xx_hal_gpio.o
 .debug_aranges
                0x0000000000000420      0x140 ./Drivers/STM32G4xx_HAL_Driver/Src/stm32g4xx_hal_pwr_ex.o
 .debug_aranges
                0x0000000000000560       0x98 ./Drivers/STM32G4xx_HAL_Driver/Src/stm32g4xx_hal_rcc.o

.debug_ranges   0x0000000000000000      0x550
 .debug_ranges  0x0000000000000000       0x68 ./Core/Src/lcd.o
 .debug_ranges  0x0000000000000068       0x28 ./Core/Src/main.o
 .debug_ranges  0x0000000000000090       0x10 ./Core/Src/stm32g4xx_hal_msp.o
 .debug_ranges  0x00000000000000a0       0x50 ./Core/Src/stm32g4xx_it.o
 .debug_ranges  0x00000000000000f0       0x18 ./Core/Src/system_stm32g4xx.o
 .debug_ranges  0x0000000000000108       0x20 ./Core/Startup/startup_stm32g431kbtx.o
 .debug_ranges  0x0000000000000128      0x120 ./Drivers/STM32G4xx_HAL_Driver/Src/stm32g4xx_hal.o
 .debug_ranges  0x0000000000000248      0x108 ./Drivers/STM32G4xx_HAL_Driver/Src/stm32g4xx_hal_cortex.o
 .debug_ranges  0x0000000000000350       0x48 ./Drivers/STM32G4xx_HAL_Driver/Src/stm32g4xx_hal_gpio.o
 .debug_ranges  0x0000000000000398      0x130 ./Drivers/STM32G4xx_HAL_Driver/Src/stm32g4xx_hal_pwr_ex.o
 .debug_ranges  0x00000000000004c8       0x88 ./Drivers/STM32G4xx_HAL_Driver/Src/stm32g4xx_hal_rcc.o

.debug_macro    0x0000000000000000     0x1309
 .debug_macro   0x0000000000000000      0x1b8 ./Core/Src/lcd.o
 .debug_macro   0x00000000000001b8       0x82 ./Core/Src/lcd.o
 .debug_macro   0x000000000000023a       0x7c ./Core/Src/lcd.o
 .debug_macro   0x00000000000002b6      0x1be ./Core/Src/main.o
 .debug_macro   0x0000000000000474       0x7c ./Core/Src/main.o
 .debug_macro   0x00000000000004f0      0x1b5 ./Core/Src/stm32g4xx_hal_msp.o
 .debug_macro   0x00000000000006a5      0x1bf ./Core/Src/stm32g4xx_it.o
 .debug_macro   0x0000000000000864      0x1a6 ./Core/Src/system_stm32g4xx.o
 .debug_macro   0x0000000000000a0a      0x1f4 ./Drivers/STM32G4xx_HAL_Driver/Src/stm32g4xx_hal.o
 .debug_macro   0x0000000000000bfe      0x1a6 ./Drivers/STM32G4xx_HAL_Driver/Src/stm32g4xx_hal_cortex.o
 .debug_macro   0x0000000000000da4      0x1ad ./Drivers/STM32G4xx_HAL_Driver/Src/stm32g4xx_hal_gpio.o
 .debug_macro   0x0000000000000f51      0x1d0 ./Drivers/STM32G4xx_HAL_Driver/Src/stm32g4xx_hal_pwr_ex.o
 .debug_macro   0x0000000000001121      0x1e8 ./Drivers/STM32G4xx_HAL_Driver/Src/stm32g4xx_hal_rcc.o

.debug_line     0x0000000000000000     0x61bf
 .debug_line    0x0000000000000000      0xaa2 ./Core/Src/lcd.o
 .debug_line    0x0000000000000aa2      0x70f ./Core/Src/main.o
 .debug_line    0x00000000000011b1      0x666 ./Core/Src/stm32g4xx_hal_msp.o
 .debug_line    0x0000000000001817      0x729 ./Core/Src/stm32g4xx_it.o
 .debug_line    0x0000000000001f40      0x6d0 ./Core/Src/system_stm32g4xx.o
 .debug_line    0x0000000000002610       0x89 ./Core/Startup/startup_stm32g431kbtx.o
 .debug_line    0x0000000000002699      0xa47 ./Drivers/STM32G4xx_HAL_Driver/Src/stm32g4xx_hal.o
 .debug_line    0x00000000000030e0      0xbfa ./Drivers/STM32G4xx_HAL_Driver/Src/stm32g4xx_hal_cortex.o
 .debug_line    0x0000000000003cda      0xa8a ./Drivers/STM32G4xx_HAL_Driver/Src/stm32g4xx_hal_gpio.o
 .debug_line    0x0000000000004764      0xbfe ./Drivers/STM32G4xx_HAL_Driver/Src/stm32g4xx_hal_pwr_ex.o
 .debug_line    0x0000000000005362      0xe5d ./Drivers/STM32G4xx_HAL_Driver/Src/stm32g4xx_hal_rcc.o

.debug_str      0x0000000000000000    0xac1dc
 .debug_str     0x0000000000000000    0xaa3c0 ./Core/Src/lcd.o
                                      0xaa659 (size before relaxing)
 .debug_str     0x00000000000aa3c0      0x3be ./Core/Src/main.o
                                      0xaa98c (size before relaxing)
 .debug_str     0x00000000000aa77e       0x2c ./Core/Src/stm32g4xx_hal_msp.o
                                      0xaa585 (size before relaxing)
 .debug_str     0x00000000000aa7aa       0xc9 ./Core/Src/stm32g4xx_it.o
                                      0xaa4b5 (size before relaxing)
 .debug_str     0x00000000000aa873       0xe5 ./Core/Src/system_stm32g4xx.o
                                      0xaa475 (size before relaxing)
 .debug_str     0x00000000000aa958       0x36 ./Core/Startup/startup_stm32g431kbtx.o
                                         0x47 (size before relaxing)
 .debug_str     0x00000000000aa98e      0xa1b ./Drivers/STM32G4xx_HAL_Driver/Src/stm32g4xx_hal.o
                                      0xaaf8d (size before relaxing)
 .debug_str     0x00000000000ab3a9      0x355 ./Drivers/STM32G4xx_HAL_Driver/Src/stm32g4xx_hal_cortex.o
                                      0xaac38 (size before relaxing)
 .debug_str     0x00000000000ab6fe      0x138 ./Drivers/STM32G4xx_HAL_Driver/Src/stm32g4xx_hal_gpio.o
                                      0xaa600 (size before relaxing)
 .debug_str     0x00000000000ab836      0x4c6 ./Drivers/STM32G4xx_HAL_Driver/Src/stm32g4xx_hal_pwr_ex.o
                                      0xaa963 (size before relaxing)
 .debug_str     0x00000000000abcfc      0x4e0 ./Drivers/STM32G4xx_HAL_Driver/Src/stm32g4xx_hal_rcc.o
                                      0xaab6e (size before relaxing)

.comment        0x0000000000000000       0x50
 .comment       0x0000000000000000       0x50 ./Core/Src/lcd.o
                                         0x51 (size before relaxing)
 .comment       0x0000000000000050       0x51 ./Core/Src/main.o
 .comment       0x0000000000000050       0x51 ./Core/Src/stm32g4xx_hal_msp.o
 .comment       0x0000000000000050       0x51 ./Core/Src/stm32g4xx_it.o
 .comment       0x0000000000000050       0x51 ./Core/Src/system_stm32g4xx.o
 .comment       0x0000000000000050       0x51 ./Drivers/STM32G4xx_HAL_Driver/Src/stm32g4xx_hal.o
 .comment       0x0000000000000050       0x51 ./Drivers/STM32G4xx_HAL_Driver/Src/stm32g4xx_hal_cortex.o
 .comment       0x0000000000000050       0x51 ./Drivers/STM32G4xx_HAL_Driver/Src/stm32g4xx_hal_gpio.o
 .comment       0x0000000000000050       0x51 ./Drivers/STM32G4xx_HAL_Driver/Src/stm32g4xx_hal_pwr_ex.o
 .comment       0x0000000000000050       0x51 ./Drivers/STM32G4xx_HAL_Driver/Src/stm32g4xx_hal_rcc.o

.debug_frame    0x0000000000000000     0x15cc
 .debug_frame   0x0000000000000000      0x1a4 ./Core/Src/lcd.o
 .debug_frame   0x00000000000001a4       0x8c ./Core/Src/main.o
 .debug_frame   0x0000000000000230       0x38 ./Core/Src/stm32g4xx_hal_msp.o
 .debug_frame   0x0000000000000268      0x104 ./Core/Src/stm32g4xx_it.o
 .debug_frame   0x000000000000036c       0x58 ./Core/Src/system_stm32g4xx.o
 .debug_frame   0x00000000000003c4      0x4a0 ./Drivers/STM32G4xx_HAL_Driver/Src/stm32g4xx_hal.o
 .debug_frame   0x0000000000000864      0x498 ./Drivers/STM32G4xx_HAL_Driver/Src/stm32g4xx_hal_cortex.o
 .debug_frame   0x0000000000000cfc      0x14c ./Drivers/STM32G4xx_HAL_Driver/Src/stm32g4xx_hal_gpio.o
 .debug_frame   0x0000000000000e48      0x4fc ./Drivers/STM32G4xx_HAL_Driver/Src/stm32g4xx_hal_pwr_ex.o
 .debug_frame   0x0000000000001344      0x23c ./Drivers/STM32G4xx_HAL_Driver/Src/stm32g4xx_hal_rcc.o
 .debug_frame   0x0000000000001580       0x2c d:/stm32cubeide_1.10.1/stm32cubeide/plugins/com.st.stm32cube.ide.mcu.externaltools.gnu-tools-for-stm32.10.3-2021.10.win32_1.0.0.202111181127/tools/bin/../lib/gcc/arm-none-eabi/10.3.1/../../../../arm-none-eabi/lib/thumb/v7e-m+fp/hard\libc_nano.a(lib_a-init.o)
 .debug_frame   0x00000000000015ac       0x20 d:/stm32cubeide_1.10.1/stm32cubeide/plugins/com.st.stm32cube.ide.mcu.externaltools.gnu-tools-for-stm32.10.3-2021.10.win32_1.0.0.202111181127/tools/bin/../lib/gcc/arm-none-eabi/10.3.1/../../../../arm-none-eabi/lib/thumb/v7e-m+fp/hard\libc_nano.a(lib_a-memset.o)
