../Core/Src/main.c:96:6:udpClient_connect	16	static
../Core/Src/main.c:110:6:udpClient_connect_to	4	static
../Core/Src/main.c:114:6:udpClient_send	120	static
../Core/Src/main.c:129:6:udp_receive_callback	24	static
../Core/Src/main.c:167:6:HAL_TIM_PeriodElapsedCallback	16	static
../Core/Src/main.c:172:6:ping_send_now	8	static
../Core/Src/main.c:183:13:ping_send	32	static
../Core/Src/main.c:209:13:ping_prepare_echo	24	static
../Core/Src/main.c:228:13:ping_raw_init	8	static
../Core/Src/main.c:240:13:ping_recv	40	static
../Core/Src/main.c:271:5:main	8	static
../Core/Src/main.c:335:6:SystemClock_Config	88	static
../Core/Src/main.c:381:13:MX_TIM1_Init	32	static
../Core/Src/main.c:427:13:MX_GPIO_Init	48	static
../Core/Src/main.c:458:6:Error_Handler	4	static,ignoring_inline_asm
