../Core/Src/main.c:93:6:udpClient_connect	16	static
../Core/Src/main.c:109:6:udpClient_send	120	static
../Core/Src/main.c:124:6:udp_receive_callback	24	static
../Core/Src/main.c:133:6:HAL_TIM_PeriodElapsedCallback	16	static
../Core/Src/main.c:138:6:ping_send_now	16	static
../Core/Src/main.c:145:13:ping_send	32	static
../Core/Src/main.c:171:13:ping_prepare_echo	24	static
../Core/Src/main.c:190:13:ping_raw_init	8	static
../Core/Src/main.c:202:13:ping_recv	40	static
../Core/Src/main.c:233:5:main	8	static
../Core/Src/main.c:296:6:SystemClock_Config	88	static
../Core/Src/main.c:342:13:MX_TIM1_Init	32	static
../Core/Src/main.c:388:13:MX_GPIO_Init	48	static
../Core/Src/main.c:419:6:Error_Handler	4	static,ignoring_inline_asm
