17:13:46 **** Incremental Build of configuration Debug for project ethernet_api ****
make -j12 all 
arm-none-eabi-gcc "../Core/Src/main.c" -mcpu=cortex-m4 -std=gnu11 -g3 -DDEBUG -DUSE_HAL_DRIVER -DSTM32F407xx -c -I../Core/Inc -I../Drivers/STM32F4xx_HAL_Driver/Inc -I../Drivers/STM32F4xx_HAL_Driver/Inc/Legacy -I../Drivers/CMSIS/Device/ST/STM32F4xx/Include -I../Drivers/CMSIS/Include -I../LWIP/App -I../LWIP/Target -I../Middlewares/Third_Party/LwIP/src/include -I../Middlewares/Third_Party/LwIP/system -I../Drivers/BSP/Components/dp83848 -I../Middlewares/Third_Party/LwIP/src/include/netif/ppp -I../Middlewares/Third_Party/LwIP/src/include/lwip -I../Middlewares/Third_Party/LwIP/src/include/lwip/apps -I../Middlewares/Third_Party/LwIP/src/include/lwip/priv -I../Middlewares/Third_Party/LwIP/src/include/lwip/prot -I../Middlewares/Third_Party/LwIP/src/include/netif -I../Middlewares/Third_Party/LwIP/src/include/compat/posix -I../Middlewares/Third_Party/LwIP/src/include/compat/posix/arpa -I../Middlewares/Third_Party/LwIP/src/include/compat/posix/net -I../Middlewares/Third_Party/LwIP/src/include/compat/posix/sys -I../Middlewares/Third_Party/LwIP/src/include/compat/stdc -I../Middlewares/Third_Party/LwIP/system/arch -O0 -ffunction-sections -fdata-sections -Wall -fstack-usage -MMD -MP -MF"Core/Src/main.d" -MT"Core/Src/main.o" --specs=nano.specs -mfpu=fpv4-sp-d16 -mfloat-abi=hard -mthumb -o "Core/Src/main.o"
../Core/Src/main.c: In function 'ping_prepare_echo':
../Core/Src/main.c:185:19: warning: implicit declaration of function 'inet_chksum' [-Wimplicit-function-declaration]
  185 |   iecho->chksum = inet_chksum(iecho, len);
      |                   ^~~~~~~~~~~
../Core/Src/main.c: In function 'ping_raw_init':
../Core/Src/main.c:196:21: warning: passing argument 2 of 'sys_timeout' makes pointer from integer without a cast [-Wint-conversion]
  196 |   sys_timeout(1000, 1000, ping_pcb);
      |                     ^~~~
      |                     |
      |                     int
In file included from ../LWIP/App/lwip.h:35,
                 from ../Core/Src/main.c:21:
../Middlewares/Third_Party/LwIP/src/include/lwip/timeouts.h:109:51: note: expected 'sys_timeout_handler' {aka 'void (*)(void *)'} but argument is of type 'int'
  109 | void sys_timeout(u32_t msecs, sys_timeout_handler handler, void *arg);
      |                               ~~~~~~~~~~~~~~~~~~~~^~~~~~~
arm-none-eabi-gcc -o "ethernet_api.elf" @"objects.list"   -mcpu=cortex-m4 -T"D:\stm\ethernet_api\STM32F407VGTX_FLASH.ld" --specs=nosys.specs -Wl,-Map="ethernet_api.map" -Wl,--gc-sections -static --specs=nano.specs -mfpu=fpv4-sp-d16 -mfloat-abi=hard -mthumb -Wl,--start-group -lc -lm -Wl,--end-group
Finished building target: ethernet_api.elf
 
arm-none-eabi-size   ethernet_api.elf 
arm-none-eabi-objdump -h -S  ethernet_api.elf  > "ethernet_api.list"
   text	   data	    bss	    dec	    hex	filename
  77460	    152	  35336	 112948	  1b934	ethernet_api.elf
Finished building: default.size.stdout
 
Finished building: ethernet_api.list
 
17:13:52 **** Incremental Build of configuration Debug for project ethernet_api ****
make -j12 all 
arm-none-eabi-size   ethernet_api.elf 
   text	   data	    bss	    dec	    hex	filename
  77460	    152	  35336	 112948	  1b934	ethernet_api.elf
Finished building: default.size.stdout
 
17:15:11 **** Incremental Build of configuration Debug for project ethernet_api ****
make -j12 all 
arm-none-eabi-gcc "../Core/Src/main.c" -mcpu=cortex-m4 -std=gnu11 -g3 -DDEBUG -DUSE_HAL_DRIVER -DSTM32F407xx -c -I../Core/Inc -I../Drivers/STM32F4xx_HAL_Driver/Inc -I../Drivers/STM32F4xx_HAL_Driver/Inc/Legacy -I../Drivers/CMSIS/Device/ST/STM32F4xx/Include -I../Drivers/CMSIS/Include -I../LWIP/App -I../LWIP/Target -I../Middlewares/Third_Party/LwIP/src/include -I../Middlewares/Third_Party/LwIP/system -I../Drivers/BSP/Components/dp83848 -I../Middlewares/Third_Party/LwIP/src/include/netif/ppp -I../Middlewares/Third_Party/LwIP/src/include/lwip -I../Middlewares/Third_Party/LwIP/src/include/lwip/apps -I../Middlewares/Third_Party/LwIP/src/include/lwip/priv -I../Middlewares/Third_Party/LwIP/src/include/lwip/prot -I../Middlewares/Third_Party/LwIP/src/include/netif -I../Middlewares/Third_Party/LwIP/src/include/compat/posix -I../Middlewares/Third_Party/LwIP/src/include/compat/posix/arpa -I../Middlewares/Third_Party/LwIP/src/include/compat/posix/net -I../Middlewares/Third_Party/LwIP/src/include/compat/posix/sys -I../Middlewares/Third_Party/LwIP/src/include/compat/stdc -I../Middlewares/Third_Party/LwIP/system/arch -O0 -ffunction-sections -fdata-sections -Wall -fstack-usage -MMD -MP -MF"Core/Src/main.d" -MT"Core/Src/main.o" --specs=nano.specs -mfpu=fpv4-sp-d16 -mfloat-abi=hard -mthumb -o "Core/Src/main.o"
../Core/Src/main.c: In function 'ping_prepare_echo':
../Core/Src/main.c:185:19: warning: implicit declaration of function 'inet_chksum' [-Wimplicit-function-declaration]
  185 |   iecho->chksum = inet_chksum(iecho, len);
      |                   ^~~~~~~~~~~
../Core/Src/main.c: In function 'ping_raw_init':
../Core/Src/main.c:196:21: warning: passing argument 2 of 'sys_timeout' makes pointer from integer without a cast [-Wint-conversion]
  196 |   sys_timeout(1000, 1000, ping_pcb);
      |                     ^~~~
      |                     |
      |                     int
In file included from ../LWIP/App/lwip.h:35,
                 from ../Core/Src/main.c:21:
../Middlewares/Third_Party/LwIP/src/include/lwip/timeouts.h:109:51: note: expected 'sys_timeout_handler' {aka 'void (*)(void *)'} but argument is of type 'int'
  109 | void sys_timeout(u32_t msecs, sys_timeout_handler handler, void *arg);
      |                               ~~~~~~~~~~~~~~~~~~~~^~~~~~~
arm-none-eabi-gcc -o "ethernet_api.elf" @"objects.list"   -mcpu=cortex-m4 -T"D:\stm\ethernet_api\STM32F407VGTX_FLASH.ld" --specs=nosys.specs -Wl,-Map="ethernet_api.map" -Wl,--gc-sections -static --specs=nano.specs -mfpu=fpv4-sp-d16 -mfloat-abi=hard -mthumb -Wl,--start-group -lc -lm -Wl,--end-group
Finished building target: ethernet_api.elf
 
arm-none-eabi-size   ethernet_api.elf 
arm-none-eabi-objdump -h -S  ethernet_api.elf  > "ethernet_api.list"
   text	   data	    bss	    dec	    hex	filename
  77460	    152	  35336	 112948	  1b934	ethernet_api.elf
Finished building: default.size.stdout
 
Finished building: ethernet_api.list
 
17:21:35 **** Incremental Build of configuration Debug for project ethernet_api ****
make -j12 all 
arm-none-eabi-size   ethernet_api.elf 
   text	   data	    bss	    dec	    hex	filename
  77460	    152	  35336	 112948	  1b934	ethernet_api.elf
Finished building: default.size.stdout
 
