11:46:29 **** Incremental Build of configuration Debug for project led_strip ****
make -j12 all 
arm-none-eabi-gcc "../Core/Src/main.c" -mcpu=cortex-m4 -std=gnu11 -g3 -DDEBUG -DUSE_HAL_DRIVER -DSTM32G431xx -c -I../Core/Inc -I../Drivers/STM32G4xx_HAL_Driver/Inc -I../Drivers/STM32G4xx_HAL_Driver/Inc/Legacy -I../Drivers/CMSIS/Device/ST/STM32G4xx/Include -I../Drivers/CMSIS/Include -O0 -ffunction-sections -fdata-sections -Wall -fstack-usage -MMD -MP -MF"Core/Src/main.d" -MT"Core/Src/main.o" --specs=nano.specs -mfpu=fpv4-sp-d16 -mfloat-abi=hard -mthumb -o "Core/Src/main.o"
arm-none-eabi-gcc -o "led_strip.elf" @"objects.list"   -mcpu=cortex-m4 -T"D:\stm\led_strip\STM32G431KBTX_FLASH.ld" --specs=nosys.specs -Wl,-Map="led_strip.map" -Wl,--gc-sections -static --specs=nano.specs -mfpu=fpv4-sp-d16 -mfloat-abi=hard -mthumb -Wl,--start-group -lc -lm -Wl,--end-group
Finished building target: led_strip.elf
 
arm-none-eabi-size   led_strip.elf 
arm-none-eabi-objdump -h -S  led_strip.elf  > "led_strip.list"
   text	   data	    bss	    dec	    hex	filename
  24240	     24	   2696	  26960	   6950	led_strip.elf
Finished building: default.size.stdout
 
Finished building: led_strip.list
 

11:46:30 Build Finished. 0 errors, 0 warnings. (took 1s.47ms)

