15:58:26 **** Incremental Build of configuration Debug for project test8 ****
make -j12 all 
arm-none-eabi-gcc "../Core/Src/main.c" -mcpu=cortex-m4 -std=gnu11 -g3 -DDEBUG -DUSE_HAL_DRIVER -DSTM32G431xx -c -I../Core/Inc -I../Drivers/STM32G4xx_HAL_Driver/Inc -I../Drivers/STM32G4xx_HAL_Driver/Inc/Legacy -I../Drivers/CMSIS/Device/ST/STM32G4xx/Include -I../Drivers/CMSIS/Include -O0 -ffunction-sections -fdata-sections -Wall -fstack-usage -MMD -MP -MF"Core/Src/main.d" -MT"Core/Src/main.o" --specs=nano.specs -mfpu=fpv4-sp-d16 -mfloat-abi=hard -mthumb -o "Core/Src/main.o"
arm-none-eabi-gcc -o "test8.elf" @"objects.list"   -mcpu=cortex-m4 -T"D:\stm\test8\STM32G431KBTX_FLASH.ld" --specs=nosys.specs -Wl,-Map="test8.map" -Wl,--gc-sections -static --specs=nano.specs -mfpu=fpv4-sp-d16 -mfloat-abi=hard -mthumb -Wl,--start-group -lc -lm -Wl,--end-group
Finished building target: test8.elf
 
arm-none-eabi-size   test8.elf 
arm-none-eabi-objdump -h -S  test8.elf  > "test8.list"
   text	   data	    bss	    dec	    hex	filename
  22772	     20	   1900	  24692	   6074	test8.elf
Finished building: default.size.stdout
 
Finished building: test8.list
 

15:58:27 Build Finished. 0 errors, 0 warnings. (took 1s.36ms)

